["file:///Users/andrew/workspace/flow/flowc/tests/test-flows/print-args/print-args.json","arg1","arg2"]
